// Jest Snapshot v1, https://goo.gl/fbAQLP

exports[`snapshots renders the wrapped component 1`] = `
<div>
  Hello World!
</div>
`;
